#I  polymake command not found. Please set POLYMAKE_COMMAND by hand
#I  HAP warning: Set NEATO_PATH manually if needed.
#I  HAP warning: Set DOT_PATH manually if needed.
#I  HAP warning: Set DISPLAY_PATH manually if needed.
#I  HAP warning: Set BROWSER_PATH manually if needed.
#I  HAP warning: Set ASY_PATH manually if needed.
HAP 1.79
Error, reached the pre-set memory limit
(change it with the -o command line option)
      128.57 real        49.94 user        59.40 sys
          4149673984  maximum resident set size
                   0  average shared memory size
                   0  average unshared data size
                   0  average unshared stack size
            22815335  page reclaims
                  11  page faults
                   0  swaps
                   0  block input operations
                   0  block output operations
                   0  messages sent
                   0  messages received
                   1  signals received
                2507  voluntary context switches
              648327  involuntary context switches
            13708590  instructions retired
             9435125  cycles elapsed
              934200  peak memory footprint
exit=0
